================================================================================
TUNING CLASSIFICATION NEURAL NETWORK
================================================================================

[1/3] Loading and preparing data...
Warning: Could not fetch from UCI repository (Error connecting to server). Using cached data.

=== Data Sanity Check ===
Shape: (768, 10)
Missing values: 0

Target (heating_load) stats:
count    768.000000
mean      22.307201
std       10.090196
min        6.010000
25%       12.992500
50%       18.950000
75%       31.667500
max       43.100000
Name: heating_load, dtype: float64

[2/3] Running GridSearchCV...
Parameter grid:
  hidden_layer_sizes: [(64,), (128,), (64, 32), (128, 64)]
  learning_rate_init: [0.001, 0.01]
  alpha: [0.0001, 0.001, 0.01]
  batch_size: [32, 64]

Total combinations: 48
Fitting 3 folds for each of 48 candidates, totalling 144 fits
/home/tmerr/repositories/energy-efficiency-G2-CS4120-Fall2025-UPEI/venv/lib/python3.12/site-packages/sklearn/neural_network/_multilayer_perceptron.py:781: ConvergenceWarning: Stochastic Optimizer: Maximum iterations (500) reached and the optimization hasn't converged yet.
  warnings.warn(
/home/tmerr/repositories/energy-efficiency-G2-CS4120-Fall2025-UPEI/venv/lib/python3.12/site-packages/sklearn/neural_network/_multilayer_perceptron.py:781: ConvergenceWarning: Stochastic Optimizer: Maximum iterations (500) reached and the optimization hasn't converged yet.
  warnings.warn(
/home/tmerr/repositories/energy-efficiency-G2-CS4120-Fall2025-UPEI/venv/lib/python3.12/site-packages/sklearn/neural_network/_multilayer_perceptron.py:781: ConvergenceWarning: Stochastic Optimizer: Maximum iterations (500) reached and the optimization hasn't converged yet.
  warnings.warn(
/home/tmerr/repositories/energy-efficiency-G2-CS4120-Fall2025-UPEI/venv/lib/python3.12/site-packages/sklearn/neural_network/_multilayer_perceptron.py:781: ConvergenceWarning: Stochastic Optimizer: Maximum iterations (500) reached and the optimization hasn't converged yet.
  warnings.warn(
/home/tmerr/repositories/energy-efficiency-G2-CS4120-Fall2025-UPEI/venv/lib/python3.12/site-packages/sklearn/neural_network/_multilayer_perceptron.py:781: ConvergenceWarning: Stochastic Optimizer: Maximum iterations (500) reached and the optimization hasn't converged yet.
  warnings.warn(
/home/tmerr/repositories/energy-efficiency-G2-CS4120-Fall2025-UPEI/venv/lib/python3.12/site-packages/sklearn/neural_network/_multilayer_perceptron.py:781: ConvergenceWarning: Stochastic Optimizer: Maximum iterations (500) reached and the optimization hasn't converged yet.
  warnings.warn(
/home/tmerr/repositories/energy-efficiency-G2-CS4120-Fall2025-UPEI/venv/lib/python3.12/site-packages/sklearn/neural_network/_multilayer_perceptron.py:781: ConvergenceWarning: Stochastic Optimizer: Maximum iterations (500) reached and the optimization hasn't converged yet.
  warnings.warn(
/home/tmerr/repositories/energy-efficiency-G2-CS4120-Fall2025-UPEI/venv/lib/python3.12/site-packages/sklearn/neural_network/_multilayer_perceptron.py:781: ConvergenceWarning: Stochastic Optimizer: Maximum iterations (500) reached and the optimization hasn't converged yet.
  warnings.warn(
/home/tmerr/repositories/energy-efficiency-G2-CS4120-Fall2025-UPEI/venv/lib/python3.12/site-packages/sklearn/neural_network/_multilayer_perceptron.py:781: ConvergenceWarning: Stochastic Optimizer: Maximum iterations (500) reached and the optimization hasn't converged yet.
  warnings.warn(
/home/tmerr/repositories/energy-efficiency-G2-CS4120-Fall2025-UPEI/venv/lib/python3.12/site-packages/sklearn/neural_network/_multilayer_perceptron.py:781: ConvergenceWarning: Stochastic Optimizer: Maximum iterations (500) reached and the optimization hasn't converged yet.
  warnings.warn(
/home/tmerr/repositories/energy-efficiency-G2-CS4120-Fall2025-UPEI/venv/lib/python3.12/site-packages/sklearn/neural_network/_multilayer_perceptron.py:781: ConvergenceWarning: Stochastic Optimizer: Maximum iterations (500) reached and the optimization hasn't converged yet.
  warnings.warn(
/home/tmerr/repositories/energy-efficiency-G2-CS4120-Fall2025-UPEI/venv/lib/python3.12/site-packages/sklearn/neural_network/_multilayer_perceptron.py:781: ConvergenceWarning: Stochastic Optimizer: Maximum iterations (500) reached and the optimization hasn't converged yet.
  warnings.warn(
/home/tmerr/repositories/energy-efficiency-G2-CS4120-Fall2025-UPEI/venv/lib/python3.12/site-packages/sklearn/neural_network/_multilayer_perceptron.py:781: ConvergenceWarning: Stochastic Optimizer: Maximum iterations (500) reached and the optimization hasn't converged yet.
  warnings.warn(
/home/tmerr/repositories/energy-efficiency-G2-CS4120-Fall2025-UPEI/venv/lib/python3.12/site-packages/sklearn/neural_network/_multilayer_perceptron.py:781: ConvergenceWarning: Stochastic Optimizer: Maximum iterations (500) reached and the optimization hasn't converged yet.
  warnings.warn(
/home/tmerr/repositories/energy-efficiency-G2-CS4120-Fall2025-UPEI/venv/lib/python3.12/site-packages/sklearn/neural_network/_multilayer_perceptron.py:781: ConvergenceWarning: Stochastic Optimizer: Maximum iterations (500) reached and the optimization hasn't converged yet.
  warnings.warn(
/home/tmerr/repositories/energy-efficiency-G2-CS4120-Fall2025-UPEI/venv/lib/python3.12/site-packages/sklearn/neural_network/_multilayer_perceptron.py:781: ConvergenceWarning: Stochastic Optimizer: Maximum iterations (500) reached and the optimization hasn't converged yet.
  warnings.warn(
/home/tmerr/repositories/energy-efficiency-G2-CS4120-Fall2025-UPEI/venv/lib/python3.12/site-packages/sklearn/neural_network/_multilayer_perceptron.py:781: ConvergenceWarning: Stochastic Optimizer: Maximum iterations (500) reached and the optimization hasn't converged yet.
  warnings.warn(
/home/tmerr/repositories/energy-efficiency-G2-CS4120-Fall2025-UPEI/venv/lib/python3.12/site-packages/sklearn/neural_network/_multilayer_perceptron.py:781: ConvergenceWarning: Stochastic Optimizer: Maximum iterations (500) reached and the optimization hasn't converged yet.
  warnings.warn(
[CV] END alpha=0.0001, batch_size=32, hidden_layer_sizes=(128,), learning_rate_init=0.001; total time=   0.1s
[CV] END alpha=0.0001, batch_size=32, hidden_layer_sizes=(64, 32), learning_rate_init=0.001; total time=   0.1s
[CV] END alpha=0.0001, batch_size=32, hidden_layer_sizes=(128, 64), learning_rate_init=0.001; total time=   0.1s
[CV] END alpha=0.0001, batch_size=32, hidden_layer_sizes=(128, 64), learning_rate_init=0.01; total time=   0.1s
[CV] END alpha=0.0001, batch_size=64, hidden_layer_sizes=(128,), learning_rate_init=0.01; total time=   0.1s
[CV] END alpha=0.0001, batch_size=64, hidden_layer_sizes=(128, 64), learning_rate_init=0.01; total time=   0.1s
[CV] END alpha=0.001, batch_size=32, hidden_layer_sizes=(64,), learning_rate_init=0.01; total time=   0.1s
[CV] END alpha=0.001, batch_size=32, hidden_layer_sizes=(64, 32), learning_rate_init=0.01; total time=   0.1s
[CV] END alpha=0.001, batch_size=32, hidden_layer_sizes=(128, 64), learning_rate_init=0.01; total time=   0.1s
[CV] END alpha=0.001, batch_size=64, hidden_layer_sizes=(128, 64), learning_rate_init=0.001; total time=   0.1s
[CV] END alpha=0.01, batch_size=32, hidden_layer_sizes=(64, 32), learning_rate_init=0.001; total time=   0.1s
[CV] END alpha=0.01, batch_size=32, hidden_layer_sizes=(64, 32), learning_rate_init=0.01; total time=   0.1s
[CV] END alpha=0.0001, batch_size=32, hidden_layer_sizes=(64,), learning_rate_init=0.001; total time=   2.2s
[CV] END alpha=0.0001, batch_size=64, hidden_layer_sizes=(64,), learning_rate_init=0.01; total time=   0.1s
[CV] END alpha=0.0001, batch_size=64, hidden_layer_sizes=(128,), learning_rate_init=0.001; total time=   1.2s
[CV] END alpha=0.0001, batch_size=64, hidden_layer_sizes=(128, 64), learning_rate_init=0.01; total time=   0.1s
[CV] END alpha=0.001, batch_size=32, hidden_layer_sizes=(64,), learning_rate_init=0.001; total time=   4.8s
[CV] END alpha=0.001, batch_size=64, hidden_layer_sizes=(64,), learning_rate_init=0.01; total time=   0.7s
[CV] END alpha=0.001, batch_size=64, hidden_layer_sizes=(64, 32), learning_rate_init=0.001; total time=   1.5s
[CV] END alpha=0.01, batch_size=32, hidden_layer_sizes=(128,), learning_rate_init=0.01; total time=   0.8s
[CV] END alpha=0.01, batch_size=32, hidden_layer_sizes=(64, 32), learning_rate_init=0.001; total time=   2.3s
[CV] END alpha=0.01, batch_size=64, hidden_layer_sizes=(128, 64), learning_rate_init=0.01; total time=   0.1s
[CV] END alpha=0.0001, batch_size=32, hidden_layer_sizes=(64,), learning_rate_init=0.001; total time=   0.1s
[CV] END alpha=0.0001, batch_size=64, hidden_layer_sizes=(64,), learning_rate_init=0.001; total time=   0.1s
[CV] END alpha=0.0001, batch_size=64, hidden_layer_sizes=(128,), learning_rate_init=0.001; total time=   0.1s
[CV] END alpha=0.0001, batch_size=64, hidden_layer_sizes=(64, 32), learning_rate_init=0.01; total time=   0.1s
[CV] END alpha=0.001, batch_size=32, hidden_layer_sizes=(64,), learning_rate_init=0.01; total time=   0.1s
[CV] END alpha=0.001, batch_size=32, hidden_layer_sizes=(64, 32), learning_rate_init=0.001; total time=   0.1s
[CV] END alpha=0.001, batch_size=64, hidden_layer_sizes=(64,), learning_rate_init=0.01; total time=   0.0s
[CV] END alpha=0.001, batch_size=64, hidden_layer_sizes=(64, 32), learning_rate_init=0.001; total time=   0.1s
[CV] END alpha=0.01, batch_size=32, hidden_layer_sizes=(64,), learning_rate_init=0.01; total time=   0.1s
[CV] END alpha=0.01, batch_size=32, hidden_layer_sizes=(64,), learning_rate_init=0.01; total time=   0.1s
[CV] END alpha=0.01, batch_size=64, hidden_layer_sizes=(64,), learning_rate_init=0.01; total time=   0.0s
[CV] END alpha=0.01, batch_size=64, hidden_layer_sizes=(64,), learning_rate_init=0.01; total time=   0.0s
[CV] END alpha=0.01, batch_size=64, hidden_layer_sizes=(64, 32), learning_rate_init=0.001; total time=   0.1s
[CV] END alpha=0.01, batch_size=64, hidden_layer_sizes=(64, 32), learning_rate_init=0.01; total time=   0.0s
[CV] END alpha=0.0001, batch_size=32, hidden_layer_sizes=(64,), learning_rate_init=0.01; total time=   0.2s
[CV] END alpha=0.0001, batch_size=32, hidden_layer_sizes=(64, 32), learning_rate_init=0.001; total time=   2.3s
[CV] END alpha=0.0001, batch_size=64, hidden_layer_sizes=(128,), learning_rate_init=0.01; total time=   0.8s
[CV] END alpha=0.0001, batch_size=64, hidden_layer_sizes=(128, 64), learning_rate_init=0.001; total time=   0.4s
[CV] END alpha=0.001, batch_size=32, hidden_layer_sizes=(64,), learning_rate_init=0.01; total time=   3.7s
[CV] END alpha=0.001, batch_size=32, hidden_layer_sizes=(64, 32), learning_rate_init=0.001; total time=   1.9s
[CV] END alpha=0.001, batch_size=64, hidden_layer_sizes=(64, 32), learning_rate_init=0.001; total time=   1.8s
[CV] END alpha=0.01, batch_size=32, hidden_layer_sizes=(128,), learning_rate_init=0.01; total time=   1.0s
[CV] END alpha=0.01, batch_size=64, hidden_layer_sizes=(128,), learning_rate_init=0.001; total time=   1.5s
[CV] END alpha=0.01, batch_size=64, hidden_layer_sizes=(128, 64), learning_rate_init=0.01; total time=   0.1s
[CV] END alpha=0.0001, batch_size=32, hidden_layer_sizes=(64,), learning_rate_init=0.01; total time=   0.1s
[CV] END alpha=0.0001, batch_size=64, hidden_layer_sizes=(64, 32), learning_rate_init=0.01; total time=   0.1s
[CV] END alpha=0.001, batch_size=32, hidden_layer_sizes=(128,), learning_rate_init=0.001; total time=   0.1s
[CV] END alpha=0.001, batch_size=32, hidden_layer_sizes=(128, 64), learning_rate_init=0.001; total time=   0.1s
[CV] END alpha=0.001, batch_size=64, hidden_layer_sizes=(64, 32), learning_rate_init=0.01; total time=   0.1s
[CV] END alpha=0.01, batch_size=32, hidden_layer_sizes=(128,), learning_rate_init=0.01; total time=   0.1s
[CV] END alpha=0.01, batch_size=32, hidden_layer_sizes=(128,), learning_rate_init=0.01; total time=   0.1s
[CV] END alpha=0.01, batch_size=64, hidden_layer_sizes=(128,), learning_rate_init=0.01; total time=   0.1s
[CV] END alpha=0.01, batch_size=64, hidden_layer_sizes=(128,), learning_rate_init=0.01; total time=   0.1s
[CV] END alpha=0.0001, batch_size=32, hidden_layer_sizes=(64,), learning_rate_init=0.01; total time=   0.2s
[CV] END alpha=0.0001, batch_size=32, hidden_layer_sizes=(64, 32), learning_rate_init=0.001; total time=   2.4s
[CV] END alpha=0.0001, batch_size=64, hidden_layer_sizes=(64, 32), learning_rate_init=0.001; total time=   2.0s
[CV] END alpha=0.001, batch_size=32, hidden_layer_sizes=(128,), learning_rate_init=0.01; total time=   3.8s
[CV] END alpha=0.001, batch_size=64, hidden_layer_sizes=(128,), learning_rate_init=0.001; total time=   1.5s
[CV] END alpha=0.001, batch_size=64, hidden_layer_sizes=(128, 64), learning_rate_init=0.01; total time=   0.1s
[CV] END alpha=0.01, batch_size=32, hidden_layer_sizes=(64,), learning_rate_init=0.001; total time=   1.7s
[CV] END alpha=0.01, batch_size=32, hidden_layer_sizes=(128, 64), learning_rate_init=0.001; total time=   2.1s
[CV] END alpha=0.0001, batch_size=32, hidden_layer_sizes=(128,), learning_rate_init=0.001; total time=   0.1s
[CV] END alpha=0.0001, batch_size=32, hidden_layer_sizes=(128, 64), learning_rate_init=0.001; total time=   0.1s
[CV] END alpha=0.0001, batch_size=64, hidden_layer_sizes=(128,), learning_rate_init=0.001; total time=   0.1s
[CV] END alpha=0.0001, batch_size=64, hidden_layer_sizes=(64, 32), learning_rate_init=0.001; total time=   0.1s
[CV] END alpha=0.0001, batch_size=64, hidden_layer_sizes=(128, 64), learning_rate_init=0.01; total time=   0.1s
[CV] END alpha=0.001, batch_size=32, hidden_layer_sizes=(128,), learning_rate_init=0.01; total time=   0.1s
[CV] END alpha=0.001, batch_size=32, hidden_layer_sizes=(64, 32), learning_rate_init=0.01; total time=   0.1s
[CV] END alpha=0.001, batch_size=64, hidden_layer_sizes=(64,), learning_rate_init=0.001; total time=   0.0s
[CV] END alpha=0.001, batch_size=64, hidden_layer_sizes=(128,), learning_rate_init=0.01; total time=   0.0s
[CV] END alpha=0.001, batch_size=64, hidden_layer_sizes=(128, 64), learning_rate_init=0.01; total time=   0.1s
[CV] END alpha=0.01, batch_size=32, hidden_layer_sizes=(128, 64), learning_rate_init=0.001; total time=   0.1s
[CV] END alpha=0.01, batch_size=32, hidden_layer_sizes=(128, 64), learning_rate_init=0.001; total time=   0.1s
[CV] END alpha=0.01, batch_size=64, hidden_layer_sizes=(128, 64), learning_rate_init=0.001; total time=   0.1s
[CV] END alpha=0.01, batch_size=64, hidden_layer_sizes=(128, 64), learning_rate_init=0.01; total time=   0.0s
[CV] END alpha=0.0001, batch_size=32, hidden_layer_sizes=(128,), learning_rate_init=0.01; total time=   1.1s
[CV] END alpha=0.0001, batch_size=32, hidden_layer_sizes=(64, 32), learning_rate_init=0.001; total time=   2.2s
[CV] END alpha=0.0001, batch_size=64, hidden_layer_sizes=(128, 64), learning_rate_init=0.001; total time=   0.4s
[CV] END alpha=0.001, batch_size=32, hidden_layer_sizes=(64,), learning_rate_init=0.01; total time=   0.1s
[CV] END alpha=0.001, batch_size=32, hidden_layer_sizes=(128,), learning_rate_init=0.001; total time=   4.1s
[CV] END alpha=0.001, batch_size=32, hidden_layer_sizes=(128, 64), learning_rate_init=0.001; total time=   0.4s
[CV] END alpha=0.001, batch_size=64, hidden_layer_sizes=(64,), learning_rate_init=0.001; total time=   0.7s
[CV] END alpha=0.001, batch_size=64, hidden_layer_sizes=(128,), learning_rate_init=0.01; total time=   0.7s
[CV] END alpha=0.001, batch_size=64, hidden_layer_sizes=(128, 64), learning_rate_init=0.001; total time=   0.4s
[CV] END alpha=0.01, batch_size=32, hidden_layer_sizes=(64,), learning_rate_init=0.01; total time=   0.1s
[CV] END alpha=0.01, batch_size=32, hidden_layer_sizes=(64,), learning_rate_init=0.01; total time=   1.0s
[CV] END alpha=0.01, batch_size=32, hidden_layer_sizes=(64, 32), learning_rate_init=0.001; total time=   2.1s
[CV] END alpha=0.01, batch_size=64, hidden_layer_sizes=(64, 32), learning_rate_init=0.01; total time=   0.1s
[CV] END alpha=0.01, batch_size=64, hidden_layer_sizes=(128, 64), learning_rate_init=0.001; total time=   0.3s
[CV] END alpha=0.0001, batch_size=32, hidden_layer_sizes=(128,), learning_rate_init=0.01; total time=   0.2s
[CV] END alpha=0.001, batch_size=32, hidden_layer_sizes=(64,), learning_rate_init=0.001; total time=   0.1s
[CV] END alpha=0.001, batch_size=32, hidden_layer_sizes=(128, 64), learning_rate_init=0.001; total time=   0.1s
[CV] END alpha=0.001, batch_size=64, hidden_layer_sizes=(128,), learning_rate_init=0.01; total time=   0.1s
[CV] END alpha=0.001, batch_size=64, hidden_layer_sizes=(128, 64), learning_rate_init=0.01; total time=   0.1s
[CV] END alpha=0.01, batch_size=32, hidden_layer_sizes=(128, 64), learning_rate_init=0.001; total time=   0.1s
[CV] END alpha=0.01, batch_size=32, hidden_layer_sizes=(128, 64), learning_rate_init=0.01; total time=   0.1s
[CV] END alpha=0.0001, batch_size=32, hidden_layer_sizes=(64,), learning_rate_init=0.001; total time=   2.4s
[CV] END alpha=0.0001, batch_size=64, hidden_layer_sizes=(128,), learning_rate_init=0.01; total time=   0.9s
[CV] END alpha=0.0001, batch_size=64, hidden_layer_sizes=(64, 32), learning_rate_init=0.01; total time=   0.1s
[CV] END alpha=0.0001, batch_size=64, hidden_layer_sizes=(128, 64), learning_rate_init=0.001; total time=   4.9s
[CV] END alpha=0.001, batch_size=32, hidden_layer_sizes=(128, 64), learning_rate_init=0.01; total time=   0.9s
[CV] END alpha=0.001, batch_size=64, hidden_layer_sizes=(128,), learning_rate_init=0.01; total time=   0.8s
[CV] END alpha=0.001, batch_size=64, hidden_layer_sizes=(128, 64), learning_rate_init=0.01; total time=   0.8s
[CV] END alpha=0.01, batch_size=32, hidden_layer_sizes=(128,), learning_rate_init=0.01; total time=   0.7s
[CV] END alpha=0.01, batch_size=32, hidden_layer_sizes=(64, 32), learning_rate_init=0.01; total time=   0.2s
[CV] END alpha=0.01, batch_size=32, hidden_layer_sizes=(128, 64), learning_rate_init=0.001; total time=   0.4s
[CV] END alpha=0.01, batch_size=64, hidden_layer_sizes=(64,), learning_rate_init=0.01; total time=   0.1s
[CV] END alpha=0.01, batch_size=64, hidden_layer_sizes=(64,), learning_rate_init=0.01; total time=   0.1s
[CV] END alpha=0.01, batch_size=64, hidden_layer_sizes=(128,), learning_rate_init=0.001; total time=   1.2s
[CV] END alpha=0.01, batch_size=64, hidden_layer_sizes=(128, 64), learning_rate_init=0.001; total time=   0.3s
[CV] END alpha=0.0001, batch_size=32, hidden_layer_sizes=(128,), learning_rate_init=0.01; total time=   0.1s
[CV] END alpha=0.0001, batch_size=32, hidden_layer_sizes=(64, 32), learning_rate_init=0.01; total time=   0.1s
[CV] END alpha=0.0001, batch_size=32, hidden_layer_sizes=(128, 64), learning_rate_init=0.001; total time=   0.1s
[CV] END alpha=0.0001, batch_size=64, hidden_layer_sizes=(64,), learning_rate_init=0.001; total time=   0.1s
[CV] END alpha=0.0001, batch_size=64, hidden_layer_sizes=(128,), learning_rate_init=0.001; total time=   0.1s
[CV] END alpha=0.0001, batch_size=64, hidden_layer_sizes=(64, 32), learning_rate_init=0.001; total time=   0.1s
[CV] END alpha=0.0001, batch_size=64, hidden_layer_sizes=(128, 64), learning_rate_init=0.01; total time=   0.1s
[CV] END alpha=0.001, batch_size=32, hidden_layer_sizes=(128,), learning_rate_init=0.01; total time=   0.1s
[CV] END alpha=0.001, batch_size=32, hidden_layer_sizes=(128, 64), learning_rate_init=0.001; total time=   0.1s
[CV] END alpha=0.001, batch_size=64, hidden_layer_sizes=(128,), learning_rate_init=0.001; total time=   0.1s
[CV] END alpha=0.001, batch_size=64, hidden_layer_sizes=(128, 64), learning_rate_init=0.001; total time=   0.1s
[CV] END alpha=0.01, batch_size=32, hidden_layer_sizes=(64, 32), learning_rate_init=0.001; total time=   0.1s
[CV] END alpha=0.01, batch_size=32, hidden_layer_sizes=(64, 32), learning_rate_init=0.001; total time=   0.1s
[CV] END alpha=0.01, batch_size=64, hidden_layer_sizes=(64, 32), learning_rate_init=0.001; total time=   0.1s
[CV] END alpha=0.01, batch_size=64, hidden_layer_sizes=(64, 32), learning_rate_init=0.001; total time=   0.0s
[CV] END alpha=0.0001, batch_size=32, hidden_layer_sizes=(128,), learning_rate_init=0.01; total time=   1.2s
[CV] END alpha=0.0001, batch_size=32, hidden_layer_sizes=(64, 32), learning_rate_init=0.01; total time=   0.2s
[CV] END alpha=0.0001, batch_size=32, hidden_layer_sizes=(128, 64), learning_rate_init=0.001; total time=   0.3s
[CV] END alpha=0.0001, batch_size=32, hidden_layer_sizes=(128, 64), learning_rate_init=0.01; total time=   0.6s
[CV] END alpha=0.0001, batch_size=64, hidden_layer_sizes=(128,), learning_rate_init=0.001; total time=   1.2s
[CV] END alpha=0.0001, batch_size=64, hidden_layer_sizes=(128, 64), learning_rate_init=0.01; total time=   0.9s
[CV] END alpha=0.001, batch_size=32, hidden_layer_sizes=(128,), learning_rate_init=0.01; total time=   3.4s
[CV] END alpha=0.001, batch_size=32, hidden_layer_sizes=(64, 32), learning_rate_init=0.01; total time=   0.2s
[CV] END alpha=0.001, batch_size=32, hidden_layer_sizes=(128, 64), learning_rate_init=0.001; total time=   0.3s
[CV] END alpha=0.001, batch_size=64, hidden_layer_sizes=(64,), learning_rate_init=0.001; total time=   0.7s
[CV] END alpha=0.001, batch_size=64, hidden_layer_sizes=(128,), learning_rate_init=0.01; total time=   0.7s
[CV] END alpha=0.001, batch_size=64, hidden_layer_sizes=(64, 32), learning_rate_init=0.01; total time=   0.8s
[CV] END alpha=0.01, batch_size=32, hidden_layer_sizes=(128,), learning_rate_init=0.001; total time=   1.1s
[CV] END alpha=0.01, batch_size=32, hidden_layer_sizes=(64, 32), learning_rate_init=0.01; total time=   0.2s
[CV] END alpha=0.01, batch_size=32, hidden_layer_sizes=(128, 64), learning_rate_init=0.001; total time=   0.3s
[CV] END alpha=0.01, batch_size=64, hidden_layer_sizes=(64,), learning_rate_init=0.001; total time=   1.3s
[CV] END alpha=0.01, batch_size=64, hidden_layer_sizes=(64, 32), learning_rate_init=0.01; total time=   0.7s
[CV] END alpha=0.0001, batch_size=32, hidden_layer_sizes=(128,), learning_rate_init=0.001; total time=   0.1s
[CV] END alpha=0.0001, batch_size=64, hidden_layer_sizes=(64,), learning_rate_init=0.01; total time=   0.1s
[CV] END alpha=0.0001, batch_size=64, hidden_layer_sizes=(128,), learning_rate_init=0.01; total time=   0.1s
[CV] END alpha=0.0001, batch_size=64, hidden_layer_sizes=(128, 64), learning_rate_init=0.001; total time=   0.1s
[CV] END alpha=0.001, batch_size=32, hidden_layer_sizes=(64,), learning_rate_init=0.01; total time=   0.1s
[CV] END alpha=0.001, batch_size=32, hidden_layer_sizes=(64, 32), learning_rate_init=0.001; total time=   0.1s
[CV] END alpha=0.001, batch_size=64, hidden_layer_sizes=(64,), learning_rate_init=0.001; total time=   0.1s
[CV] END alpha=0.001, batch_size=64, hidden_layer_sizes=(128,), learning_rate_init=0.001; total time=   0.1s
[CV] END alpha=0.001, batch_size=64, hidden_layer_sizes=(64, 32), learning_rate_init=0.01; total time=   0.1s
[CV] END alpha=0.01, batch_size=32, hidden_layer_sizes=(128,), learning_rate_init=0.001; total time=   0.1s
[CV] END alpha=0.01, batch_size=32, hidden_layer_sizes=(128,), learning_rate_init=0.001; total time=   0.1s
[CV] END alpha=0.01, batch_size=64, hidden_layer_sizes=(128,), learning_rate_init=0.001; total time=   0.1s
[CV] END alpha=0.01, batch_size=64, hidden_layer_sizes=(128,), learning_rate_init=0.01; total time=   0.0s
[CV] END alpha=0.0001, batch_size=32, hidden_layer_sizes=(64,), learning_rate_init=0.001; total time=   2.2s
[CV] END alpha=0.0001, batch_size=64, hidden_layer_sizes=(64,), learning_rate_init=0.01; total time=   0.1s
[CV] END alpha=0.0001, batch_size=64, hidden_layer_sizes=(64,), learning_rate_init=0.01; total time=   0.7s
[CV] END alpha=0.0001, batch_size=64, hidden_layer_sizes=(64, 32), learning_rate_init=0.01; total time=   0.7s
[CV] END alpha=0.001, batch_size=32, hidden_layer_sizes=(64,), learning_rate_init=0.001; total time=   4.7s
[CV] END alpha=0.001, batch_size=64, hidden_layer_sizes=(64,), learning_rate_init=0.001; total time=   1.2s
[CV] END alpha=0.001, batch_size=64, hidden_layer_sizes=(64, 32), learning_rate_init=0.01; total time=   0.6s
[CV] END alpha=0.01, batch_size=32, hidden_layer_sizes=(64,), learning_rate_init=0.01; total time=   0.1s
[CV] END alpha=0.01, batch_size=32, hidden_layer_sizes=(128,), learning_rate_init=0.001; total time=   1.3s
[CV] END alpha=0.01, batch_size=32, hidden_layer_sizes=(64, 32), learning_rate_init=0.01; total time=   0.2s
[CV] END alpha=0.01, batch_size=32, hidden_layer_sizes=(128, 64), learning_rate_init=0.01; total time=   0.1s
[CV] END alpha=0.01, batch_size=32, hidden_layer_sizes=(128, 64), learning_rate_init=0.01; total time=   0.8s
[CV] END alpha=0.01, batch_size=64, hidden_layer_sizes=(128,), learning_rate_init=0.01; total time=   0.6s
[CV] END alpha=0.01, batch_size=64, hidden_layer_sizes=(64, 32), learning_rate_init=0.01; total time=   0.7s
[CV] END alpha=0.0001, batch_size=32, hidden_layer_sizes=(64,), learning_rate_init=0.01; total time=   0.1s
[CV] END alpha=0.001, batch_size=32, hidden_layer_sizes=(64,), learning_rate_init=0.001; total time=   0.1s
[CV] END alpha=0.001, batch_size=32, hidden_layer_sizes=(64, 32), learning_rate_init=0.01; total time=   0.1s
[CV] END alpha=0.001, batch_size=64, hidden_layer_sizes=(64,), learning_rate_init=0.01; total time=   0.0s
[CV] END alpha=0.001, batch_size=64, hidden_layer_sizes=(64, 32), learning_rate_init=0.001; total time=   0.1s
[CV] END alpha=0.01, batch_size=32, hidden_layer_sizes=(64,), learning_rate_init=0.001; total time=   0.1s
[CV] END alpha=0.01, batch_size=32, hidden_layer_sizes=(64,), learning_rate_init=0.01; total time=   0.1s
[CV] END alpha=0.01, batch_size=64, hidden_layer_sizes=(64,), learning_rate_init=0.001; total time=   0.0s
[CV] END alpha=0.01, batch_size=64, hidden_layer_sizes=(64,), learning_rate_init=0.01; total time=   0.0s
[CV] END alpha=0.01, batch_size=64, hidden_layer_sizes=(128, 64), learning_rate_init=0.001; total time=   0.1s
[CV] END alpha=0.01, batch_size=64, hidden_layer_sizes=(128, 64), learning_rate_init=0.001; total time=   0.0s
[CV] END alpha=0.0001, batch_size=32, hidden_layer_sizes=(128,), learning_rate_init=0.001; total time=   1.7s
[CV] END alpha=0.0001, batch_size=64, hidden_layer_sizes=(64,), learning_rate_init=0.001; total time=   0.6s
[CV] END alpha=0.0001, batch_size=64, hidden_layer_sizes=(128,), learning_rate_init=0.001; total time=   1.5s
[CV] END alpha=0.001, batch_size=32, hidden_layer_sizes=(128,), learning_rate_init=0.001; total time=   5.1s
[CV] END alpha=0.001, batch_size=64, hidden_layer_sizes=(128,), learning_rate_init=0.001; total time=   1.2s
[CV] END alpha=0.001, batch_size=64, hidden_layer_sizes=(128, 64), learning_rate_init=0.01; total time=   0.1s
[CV] END alpha=0.01, batch_size=32, hidden_layer_sizes=(64,), learning_rate_init=0.001; total time=   2.1s
[CV] END alpha=0.01, batch_size=64, hidden_layer_sizes=(64,), learning_rate_init=0.01; total time=   0.7s
[CV] END alpha=0.01, batch_size=64, hidden_layer_sizes=(64, 32), learning_rate_init=0.001; total time=   1.3s
[CV] END alpha=0.0001, batch_size=32, hidden_layer_sizes=(64,), learning_rate_init=0.001; total time=   0.1s
[CV] END alpha=0.0001, batch_size=64, hidden_layer_sizes=(64,), learning_rate_init=0.01; total time=   0.1s
[CV] END alpha=0.0001, batch_size=64, hidden_layer_sizes=(128, 64), learning_rate_init=0.001; total time=   0.1s
[CV] END alpha=0.001, batch_size=32, hidden_layer_sizes=(128,), learning_rate_init=0.01; total time=   0.1s
[CV] END alpha=0.001, batch_size=64, hidden_layer_sizes=(64,), learning_rate_init=0.001; total time=   0.0s
[CV] END alpha=0.001, batch_size=64, hidden_layer_sizes=(128,), learning_rate_init=0.001; total time=   0.1s
[CV] END alpha=0.001, batch_size=64, hidden_layer_sizes=(64, 32), learning_rate_init=0.01; total time=   0.1s
[CV] END alpha=0.01, batch_size=32, hidden_layer_sizes=(128,), learning_rate_init=0.001; total time=   0.1s
[CV] END alpha=0.01, batch_size=32, hidden_layer_sizes=(128,), learning_rate_init=0.01; total time=   0.1s
[CV] END alpha=0.01, batch_size=64, hidden_layer_sizes=(128,), learning_rate_init=0.001; total time=   0.1s
[CV] END alpha=0.01, batch_size=64, hidden_layer_sizes=(128,), learning_rate_init=0.001; total time=   0.0s
[CV] END alpha=0.01, batch_size=64, hidden_layer_sizes=(128, 64), learning_rate_init=0.01; total time=   0.1s
[CV] END alpha=0.01, batch_size=64, hidden_layer_sizes=(128, 64), learning_rate_init=0.01; total time=   0.0s
[CV] END alpha=0.0001, batch_size=32, hidden_layer_sizes=(128,), learning_rate_init=0.001; total time=   1.4s
[CV] END alpha=0.0001, batch_size=32, hidden_layer_sizes=(128, 64), learning_rate_init=0.001; total time=   2.1s
[CV] END alpha=0.0001, batch_size=64, hidden_layer_sizes=(128, 64), learning_rate_init=0.01; total time=   0.1s
[CV] END alpha=0.001, batch_size=32, hidden_layer_sizes=(64,), learning_rate_init=0.001; total time=   4.5s
[CV] END alpha=0.001, batch_size=32, hidden_layer_sizes=(128, 64), learning_rate_init=0.001; total time=   2.3s
[CV] END alpha=0.01, batch_size=32, hidden_layer_sizes=(128,), learning_rate_init=0.001; total time=   2.3s
[CV] END alpha=0.01, batch_size=64, hidden_layer_sizes=(128,), learning_rate_init=0.001; total time=   1.1s
[CV] END alpha=0.01, batch_size=64, hidden_layer_sizes=(128, 64), learning_rate_init=0.01; total time=   0.5s
[CV] END alpha=0.0001, batch_size=32, hidden_layer_sizes=(128,), learning_rate_init=0.01; total time=   0.1s
[CV] END alpha=0.0001, batch_size=32, hidden_layer_sizes=(128, 64), learning_rate_init=0.01; total time=   0.2s
[CV] END alpha=0.0001, batch_size=64, hidden_layer_sizes=(64, 32), learning_rate_init=0.01; total time=   0.1s
[CV] END alpha=0.001, batch_size=32, hidden_layer_sizes=(128,), learning_rate_init=0.001; total time=   0.1s
[CV] END alpha=0.001, batch_size=32, hidden_layer_sizes=(128, 64), learning_rate_init=0.01; total time=   0.1s
[CV] END alpha=0.001, batch_size=64, hidden_layer_sizes=(64, 32), learning_rate_init=0.001; total time=   0.1s
[CV] END alpha=0.01, batch_size=32, hidden_layer_sizes=(64,), learning_rate_init=0.001; total time=   0.1s
[CV] END alpha=0.01, batch_size=32, hidden_layer_sizes=(64,), learning_rate_init=0.001; total time=   0.1s
[CV] END alpha=0.01, batch_size=64, hidden_layer_sizes=(64,), learning_rate_init=0.001; total time=   0.0s
[CV] END alpha=0.01, batch_size=64, hidden_layer_sizes=(64,), learning_rate_init=0.001; total time=   0.0s
[CV] END alpha=0.01, batch_size=64, hidden_layer_sizes=(64, 32), learning_rate_init=0.01; total time=   0.1s
[CV] END alpha=0.01, batch_size=64, hidden_layer_sizes=(64, 32), learning_rate_init=0.01; total time=   0.0s
[CV] END alpha=0.0001, batch_size=32, hidden_layer_sizes=(64,), learning_rate_init=0.01; total time=   1.2s
[CV] END alpha=0.0001, batch_size=32, hidden_layer_sizes=(64, 32), learning_rate_init=0.01; total time=   0.2s
[CV] END alpha=0.0001, batch_size=32, hidden_layer_sizes=(128, 64), learning_rate_init=0.001; total time=   0.4s
[CV] END alpha=0.0001, batch_size=64, hidden_layer_sizes=(64,), learning_rate_init=0.001; total time=   1.2s
[CV] END alpha=0.0001, batch_size=64, hidden_layer_sizes=(64, 32), learning_rate_init=0.01; total time=   0.8s
[CV] END alpha=0.001, batch_size=32, hidden_layer_sizes=(64,), learning_rate_init=0.01; total time=   0.2s
[CV] END alpha=0.001, batch_size=32, hidden_layer_sizes=(128,), learning_rate_init=0.001; total time=   3.8s
[CV] END alpha=0.001, batch_size=32, hidden_layer_sizes=(64, 32), learning_rate_init=0.001; total time=   2.0s
[CV] END alpha=0.001, batch_size=64, hidden_layer_sizes=(64, 32), learning_rate_init=0.01; total time=   0.1s
[CV] END alpha=0.001, batch_size=64, hidden_layer_sizes=(128, 64), learning_rate_init=0.001; total time=   0.3s
[CV] END alpha=0.01, batch_size=32, hidden_layer_sizes=(64,), learning_rate_init=0.001; total time=   1.9s
[CV] END alpha=0.01, batch_size=64, hidden_layer_sizes=(64,), learning_rate_init=0.001; total time=   0.7s
[CV] END alpha=0.01, batch_size=64, hidden_layer_sizes=(128,), learning_rate_init=0.01; total time=   0.5s
[CV] END alpha=0.01, batch_size=64, hidden_layer_sizes=(64, 32), learning_rate_init=0.001; total time=   1.4s
[CV] END alpha=0.0001, batch_size=32, hidden_layer_sizes=(64,), learning_rate_init=0.01; total time=   0.1s
[CV] END alpha=0.0001, batch_size=32, hidden_layer_sizes=(64, 32), learning_rate_init=0.001; total time=   0.1s
[CV] END alpha=0.0001, batch_size=32, hidden_layer_sizes=(64, 32), learning_rate_init=0.01; total time=   0.1s
[CV] END alpha=0.0001, batch_size=32, hidden_layer_sizes=(128, 64), learning_rate_init=0.01; total time=   0.1s
[CV] END alpha=0.0001, batch_size=64, hidden_layer_sizes=(64, 32), learning_rate_init=0.001; total time=   0.1s
[CV] END alpha=0.001, batch_size=32, hidden_layer_sizes=(64,), learning_rate_init=0.001; total time=   0.1s
[CV] END alpha=0.001, batch_size=32, hidden_layer_sizes=(64, 32), learning_rate_init=0.001; total time=   0.1s
[CV] END alpha=0.001, batch_size=64, hidden_layer_sizes=(64,), learning_rate_init=0.01; total time=   0.0s
[CV] END alpha=0.001, batch_size=64, hidden_layer_sizes=(128,), learning_rate_init=0.01; total time=   0.1s
[CV] END alpha=0.001, batch_size=64, hidden_layer_sizes=(128, 64), learning_rate_init=0.01; total time=   0.1s
[CV] END alpha=0.01, batch_size=32, hidden_layer_sizes=(128, 64), learning_rate_init=0.01; total time=   0.1s
[CV] END alpha=0.01, batch_size=32, hidden_layer_sizes=(128, 64), learning_rate_init=0.01; total time=   0.1s
[CV] END alpha=0.0001, batch_size=32, hidden_layer_sizes=(128,), learning_rate_init=0.01; total time=   1.3s
[CV] END alpha=0.0001, batch_size=32, hidden_layer_sizes=(64, 32), learning_rate_init=0.01; total time=   0.2s
[CV] END alpha=0.0001, batch_size=32, hidden_layer_sizes=(128, 64), learning_rate_init=0.01; total time=   0.1s
[CV] END alpha=0.0001, batch_size=32, hidden_layer_sizes=(128, 64), learning_rate_init=0.01; total time=   0.1s
[CV] END alpha=0.0001, batch_size=64, hidden_layer_sizes=(64,), learning_rate_init=0.001; total time=   0.7s
[CV] END alpha=0.0001, batch_size=64, hidden_layer_sizes=(128,), learning_rate_init=0.01; total time=   0.3s
[CV] END alpha=0.0001, batch_size=64, hidden_layer_sizes=(64, 32), learning_rate_init=0.001; total time=   4.6s
[CV] END alpha=0.001, batch_size=32, hidden_layer_sizes=(64, 32), learning_rate_init=0.001; total time=   2.2s
[CV] END alpha=0.001, batch_size=64, hidden_layer_sizes=(64, 32), learning_rate_init=0.001; total time=   1.8s
[CV] END alpha=0.01, batch_size=32, hidden_layer_sizes=(64, 32), learning_rate_init=0.001; total time=   1.9s
[CV] END alpha=0.01, batch_size=64, hidden_layer_sizes=(64, 32), learning_rate_init=0.001; total time=   1.3s
[CV] END alpha=0.0001, batch_size=32, hidden_layer_sizes=(64,), learning_rate_init=0.001; total time=   0.1s
[CV] END alpha=0.0001, batch_size=32, hidden_layer_sizes=(64, 32), learning_rate_init=0.001; total time=   0.1s
[CV] END alpha=0.0001, batch_size=32, hidden_layer_sizes=(64, 32), learning_rate_init=0.01; total time=   0.2s
[CV] END alpha=0.0001, batch_size=64, hidden_layer_sizes=(64,), learning_rate_init=0.001; total time=   0.0s
[CV] END alpha=0.0001, batch_size=64, hidden_layer_sizes=(64,), learning_rate_init=0.01; total time=   0.0s
[CV] END alpha=0.0001, batch_size=64, hidden_layer_sizes=(128,), learning_rate_init=0.01; total time=   0.1s
[CV] END alpha=0.0001, batch_size=64, hidden_layer_sizes=(128, 64), learning_rate_init=0.001; total time=   0.1s
[CV] END alpha=0.001, batch_size=32, hidden_layer_sizes=(128,), learning_rate_init=0.001; total time=   0.1s
[CV] END alpha=0.001, batch_size=32, hidden_layer_sizes=(128, 64), learning_rate_init=0.01; total time=   0.1s
[CV] END alpha=0.001, batch_size=64, hidden_layer_sizes=(128, 64), learning_rate_init=0.001; total time=   0.1s
[CV] END alpha=0.01, batch_size=32, hidden_layer_sizes=(64, 32), learning_rate_init=0.01; total time=   0.1s
[CV] END alpha=0.01, batch_size=32, hidden_layer_sizes=(64, 32), learning_rate_init=0.01; total time=   0.1s
[CV] END alpha=0.0001, batch_size=32, hidden_layer_sizes=(128,), learning_rate_init=0.001; total time=   2.7s
[CV] END alpha=0.0001, batch_size=64, hidden_layer_sizes=(64, 32), learning_rate_init=0.001; total time=   1.9s
[CV] END alpha=0.001, batch_size=32, hidden_layer_sizes=(128,), learning_rate_init=0.01; total time=   3.2s
[CV] END alpha=0.001, batch_size=32, hidden_layer_sizes=(64, 32), learning_rate_init=0.01; total time=   0.2s
[CV] END alpha=0.001, batch_size=32, hidden_layer_sizes=(64, 32), learning_rate_init=0.01; total time=   0.2s
[CV] END alpha=0.001, batch_size=32, hidden_layer_sizes=(128, 64), learning_rate_init=0.01; total time=   0.1s
[CV] END alpha=0.001, batch_size=32, hidden_layer_sizes=(128, 64), learning_rate_init=0.01; total time=   0.1s
[CV] END alpha=0.001, batch_size=64, hidden_layer_sizes=(64,), learning_rate_init=0.01; total time=   0.1s
[CV] END alpha=0.001, batch_size=64, hidden_layer_sizes=(64,), learning_rate_init=0.01; total time=   0.1s
[CV] END alpha=0.001, batch_size=64, hidden_layer_sizes=(128,), learning_rate_init=0.001; total time=   1.2s
[CV] END alpha=0.001, batch_size=64, hidden_layer_sizes=(128, 64), learning_rate_init=0.001; total time=   2.1s
[CV] END alpha=0.01, batch_size=32, hidden_layer_sizes=(128, 64), learning_rate_init=0.01; total time=   0.1s
[CV] END alpha=0.01, batch_size=64, hidden_layer_sizes=(64,), learning_rate_init=0.001; total time=   0.7s
[CV] END alpha=0.01, batch_size=64, hidden_layer_sizes=(128,), learning_rate_init=0.01; total time=   0.9s
[CV] END alpha=0.01, batch_size=64, hidden_layer_sizes=(128, 64), learning_rate_init=0.001; total time=   1.2s

[3/3] Results:
Best score (CV F1): 0.9576
Best parameters:
  alpha: 0.0001
  batch_size: 32
  hidden_layer_sizes: (64,)
  learning_rate_init: 0.01

================================================================================
TUNING REGRESSION NEURAL NETWORK
================================================================================

[1/3] Loading and preparing data...
Warning: Could not fetch from UCI repository (Error connecting to server). Using cached data.

[2/3] Running GridSearchCV...
Parameter grid:
  hidden_layer_sizes: [(64,), (128,), (64, 32), (128, 64)]
  learning_rate_init: [0.001, 0.01]
  alpha: [0.0001, 0.001, 0.01]
  batch_size: [32, 64]

Total combinations: 48
Fitting 3 folds for each of 48 candidates, totalling 144 fits

[3/3] Results:
Best score (CV MAE): 0.4850
Best parameters:
  alpha: 0.0001
  batch_size: 32
  hidden_layer_sizes: (64, 32)
  learning_rate_init: 0.001

================================================================================
HYPERPARAMETER TUNING COMPLETE
================================================================================

Best configuration saved to: outputs/metrics/best_nn_config.json

Classification Best Params:
  alpha: 0.0001
  batch_size: 32
  hidden_layer_sizes: (64,)
  learning_rate_init: 0.01

Regression Best Params:
  alpha: 0.0001
  batch_size: 32
  hidden_layer_sizes: (64, 32)
  learning_rate_init: 0.001
